2026-02-26 14:47:41,828 - download - INFO - INICIANDO DESCARGA: https://music.youtube.com/watch?v=34r7boihbaQ
2026-02-26 14:47:51,117 - download - INFO - INICIANDO DESCARGA: https://music.youtube.com/watch?v=H83a76X1ieY
2026-02-26 14:48:02,022 - download - INFO - INICIANDO DESCARGA: https://music.youtube.com/watch?v=4qpUtazSJUA
2026-02-26 14:48:11,447 - download - INFO - INICIANDO DESCARGA: https://music.youtube.com/watch?v=6b6_PFhxHXQ
2026-02-26 14:48:20,083 - download - INFO - INICIANDO DESCARGA: https://music.youtube.com/watch?v=AKKlEGR91OY
2026-02-26 14:48:27,714 - download - INFO - INICIANDO DESCARGA: https://music.youtube.com/watch?v=Z1uEwa6k-p4
2026-02-26 14:48:36,497 - download - INFO - INICIANDO DESCARGA: https://music.youtube.com/watch?v=kJVqTeO10Y8
2026-02-26 14:48:44,094 - download - INFO - INICIANDO DESCARGA: https://music.youtube.com/watch?v=6x4mkrSthTE
2026-02-26 14:48:51,877 - download - INFO - INICIANDO DESCARGA: https://music.youtube.com/watch?v=pMNnd5IiFfc
2026-02-26 14:49:02,123 - download - INFO - INICIANDO DESCARGA: https://music.youtube.com/watch?v=TKYTjvxo44A
2026-02-26 14:49:09,703 - download - INFO - INICIANDO DESCARGA: https://music.youtube.com/watch?v=nBkfcbS7fGs
2026-02-26 14:49:17,891 - download - INFO - INICIANDO DESCARGA: https://music.youtube.com/watch?v=dKSIzHf6XX0
2026-02-26 14:49:25,480 - download - INFO - INICIANDO DESCARGA: https://music.youtube.com/watch?v=jLe2f8ITGTc
2026-02-26 14:49:39,292 - download - INFO - INICIANDO DESCARGA: https://music.youtube.com/watch?v=yv-DhbA4b2g
2026-02-26 14:49:47,997 - download - INFO - INICIANDO DESCARGA: https://music.youtube.com/watch?v=VJGuzXtWoEs
2026-02-26 14:49:57,718 - download - INFO - INICIANDO DESCARGA: https://music.youtube.com/watch?v=YflVo8AL7lc
2026-02-26 14:50:08,864 - download - INFO - INICIANDO DESCARGA: https://music.youtube.com/watch?v=R6Fdy4DqnDI
2026-02-26 14:50:17,481 - download - INFO - INICIANDO DESCARGA: https://music.youtube.com/watch?v=15iCLA8Z1U4
2026-02-26 14:50:26,235 - download - INFO - INICIANDO DESCARGA: https://music.youtube.com/watch?v=JkaIcvs_1lY
2026-02-26 14:50:34,382 - download - INFO - INICIANDO DESCARGA: https://music.youtube.com/watch?v=JBU01cYa8sU
2026-02-26 14:50:42,880 - download - INFO - INICIANDO DESCARGA: https://music.youtube.com/watch?v=a-Rqc1Z0Ozs
2026-02-26 14:50:51,374 - download - INFO - INICIANDO DESCARGA: https://music.youtube.com/watch?v=yUjoQtxc5S8
2026-02-26 14:51:01,417 - download - INFO - INICIANDO DESCARGA: https://music.youtube.com/watch?v=DY_VRtyZpw8
2026-02-26 14:51:09,103 - download - INFO - INICIANDO DESCARGA: https://music.youtube.com/watch?v=8VnNenrNbaE
2026-02-26 14:51:16,926 - download - INFO - INICIANDO DESCARGA: https://music.youtube.com/watch?v=HFteNNayu1U
2026-02-26 14:51:24,966 - download - INFO - INICIANDO DESCARGA: https://music.youtube.com/watch?v=mqI8Tp8D8yQ
2026-02-26 14:51:34,116 - download - INFO - INICIANDO DESCARGA: https://music.youtube.com/watch?v=kyVtgs83KA8
2026-02-26 14:51:41,772 - download - INFO - INICIANDO DESCARGA: https://music.youtube.com/watch?v=ZjO7HfZWX7c
2026-02-26 14:51:50,444 - download - INFO - INICIANDO DESCARGA: https://music.youtube.com/watch?v=9AVHSjqvORE
2026-02-26 14:51:58,972 - download - INFO - INICIANDO DESCARGA: https://music.youtube.com/watch?v=AgxIRA7zNgg
2026-02-26 14:52:09,518 - download - INFO - INICIANDO DESCARGA: https://music.youtube.com/watch?v=2cPpPxP_5bs
2026-02-26 14:52:18,021 - download - INFO - INICIANDO DESCARGA: https://music.youtube.com/watch?v=kZi42E8SE9o
2026-02-26 14:52:25,699 - download - INFO - INICIANDO DESCARGA: https://music.youtube.com/watch?v=MN4q4h4lME0
2026-02-26 14:52:33,500 - download - INFO - INICIANDO DESCARGA: https://music.youtube.com/watch?v=z72cqyyBpto
2026-02-26 14:52:41,234 - download - INFO - INICIANDO DESCARGA: https://music.youtube.com/watch?v=tK3elkosWwE
2026-02-26 14:52:50,387 - download - INFO - INICIANDO DESCARGA: https://music.youtube.com/watch?v=ao5EdPKDSLM
2026-02-26 14:52:58,250 - download - INFO - INICIANDO DESCARGA: https://music.youtube.com/watch?v=AoVJjcBjQaI
2026-02-26 14:53:13,299 - download - INFO - INICIANDO DESCARGA: https://music.youtube.com/watch?v=HDnb3yTl-tg
2026-02-26 14:53:20,978 - download - INFO - INICIANDO DESCARGA: https://music.youtube.com/watch?v=rTtF7YekPeE
2026-02-26 14:53:29,261 - download - INFO - INICIANDO DESCARGA: https://music.youtube.com/watch?v=Bh2pwEWsXZo
2026-02-26 14:53:37,394 - download - INFO - INICIANDO DESCARGA: https://music.youtube.com/watch?v=LHT25lja4-E
2026-02-26 14:53:45,355 - download - INFO - INICIANDO DESCARGA: https://music.youtube.com/watch?v=ptRz6OY6Ato
2026-02-26 14:53:53,913 - download - INFO - INICIANDO DESCARGA: https://music.youtube.com/watch?v=7CLUnZ8CaJI
2026-02-26 14:54:02,691 - download - INFO - INICIANDO DESCARGA: https://music.youtube.com/watch?v=0lwbBTifn34
2026-02-26 14:54:10,691 - download - INFO - INICIANDO DESCARGA: https://music.youtube.com/watch?v=Wy4g1INlPX8
2026-02-26 14:54:19,223 - download - INFO - INICIANDO DESCARGA: https://music.youtube.com/watch?v=2Y1zYSS-Ko0
2026-02-26 14:54:27,124 - download - INFO - INICIANDO DESCARGA: https://music.youtube.com/watch?v=oyql76R6j2k
2026-02-26 14:54:34,513 - download - INFO - INICIANDO DESCARGA: https://music.youtube.com/watch?v=7NELozEdsag
2026-02-26 14:54:42,817 - download - INFO - INICIANDO DESCARGA: https://music.youtube.com/watch?v=TvcKn77KCMY
