2026-02-26 14:47:47,348 - metadata - INFO - PROCESANDO METADATOS: 34r7boihbaQ
2026-02-26 14:47:49,282 - metadata - INFO - MusicBrainz Texto Match!
2026-02-26 14:47:56,448 - metadata - INFO - PROCESANDO METADATOS: H83a76X1ieY
2026-02-26 14:48:00,341 - metadata - INFO - MusicBrainz Texto Match!
2026-02-26 14:48:07,988 - metadata - INFO - PROCESANDO METADATOS: 4qpUtazSJUA
2026-02-26 14:48:09,444 - metadata - INFO - MusicBrainz Texto Match!
2026-02-26 14:48:16,700 - metadata - INFO - PROCESANDO METADATOS: 6b6_PFhxHXQ
2026-02-26 14:48:17,998 - metadata - INFO - MusicBrainz Texto Match!
2026-02-26 14:48:24,425 - metadata - INFO - PROCESANDO METADATOS: AKKlEGR91OY
2026-02-26 14:48:25,721 - metadata - INFO - MusicBrainz Texto Match!
2026-02-26 14:48:32,842 - metadata - INFO - PROCESANDO METADATOS: Z1uEwa6k-p4
2026-02-26 14:48:34,167 - metadata - INFO - MusicBrainz Texto Match!
2026-02-26 14:48:40,774 - metadata - INFO - PROCESANDO METADATOS: kJVqTeO10Y8
2026-02-26 14:48:42,224 - metadata - INFO - MusicBrainz Texto Match!
2026-02-26 14:48:48,633 - metadata - INFO - PROCESANDO METADATOS: 6x4mkrSthTE
2026-02-26 14:48:50,006 - metadata - INFO - MusicBrainz Texto Match!
2026-02-26 14:48:56,339 - metadata - INFO - PROCESANDO METADATOS: pMNnd5IiFfc
2026-02-26 14:48:57,689 - metadata - INFO - MusicBrainz Texto Match!
2026-02-26 14:49:06,461 - metadata - INFO - PROCESANDO METADATOS: TKYTjvxo44A
2026-02-26 14:49:07,829 - metadata - INFO - MusicBrainz Texto Match!
2026-02-26 14:49:14,586 - metadata - INFO - PROCESANDO METADATOS: nBkfcbS7fGs
2026-02-26 14:49:15,940 - metadata - INFO - MusicBrainz Texto Match!
2026-02-26 14:49:22,327 - metadata - INFO - PROCESANDO METADATOS: dKSIzHf6XX0
2026-02-26 14:49:23,566 - metadata - INFO - MusicBrainz Texto Match!
2026-02-26 14:49:30,466 - metadata - INFO - PROCESANDO METADATOS: jLe2f8ITGTc
2026-02-26 14:49:35,186 - metadata - INFO - MusicBrainz Texto Match!
2026-02-26 14:49:44,526 - metadata - INFO - PROCESANDO METADATOS: yv-DhbA4b2g
2026-02-26 14:49:46,225 - metadata - INFO - MusicBrainz Texto Match!
2026-02-26 14:49:53,378 - metadata - INFO - PROCESANDO METADATOS: VJGuzXtWoEs
2026-02-26 14:49:54,988 - metadata - INFO - MusicBrainz Texto Match!
2026-02-26 14:50:02,702 - metadata - INFO - PROCESANDO METADATOS: YflVo8AL7lc
2026-02-26 14:50:04,453 - metadata - INFO - MusicBrainz Texto Match!
2026-02-26 14:50:14,052 - metadata - INFO - PROCESANDO METADATOS: R6Fdy4DqnDI
2026-02-26 14:50:15,470 - metadata - INFO - MusicBrainz Texto Match!
2026-02-26 14:50:22,891 - metadata - INFO - PROCESANDO METADATOS: 15iCLA8Z1U4
2026-02-26 14:50:24,217 - metadata - INFO - MusicBrainz Texto Match!
2026-02-26 14:50:30,896 - metadata - INFO - PROCESANDO METADATOS: JkaIcvs_1lY
2026-02-26 14:50:32,512 - metadata - INFO - MusicBrainz Texto Match!
2026-02-26 14:50:39,319 - metadata - INFO - PROCESANDO METADATOS: JBU01cYa8sU
2026-02-26 14:50:41,009 - metadata - INFO - MusicBrainz Texto Match!
2026-02-26 14:50:48,132 - metadata - INFO - PROCESANDO METADATOS: a-Rqc1Z0Ozs
2026-02-26 14:50:49,384 - metadata - INFO - MusicBrainz Texto Match!
2026-02-26 14:50:56,183 - metadata - INFO - PROCESANDO METADATOS: yUjoQtxc5S8
2026-02-26 14:50:59,756 - metadata - INFO - MusicBrainz Texto Match!
2026-02-26 14:51:05,743 - metadata - INFO - PROCESANDO METADATOS: DY_VRtyZpw8
2026-02-26 14:51:07,209 - metadata - INFO - MusicBrainz Texto Match!
2026-02-26 14:51:13,597 - metadata - INFO - PROCESANDO METADATOS: 8VnNenrNbaE
2026-02-26 14:51:15,111 - metadata - INFO - MusicBrainz Texto Match!
2026-02-26 14:51:21,814 - metadata - INFO - PROCESANDO METADATOS: HFteNNayu1U
2026-02-26 14:51:23,085 - metadata - INFO - MusicBrainz Texto Match!
2026-02-26 14:51:30,075 - metadata - INFO - PROCESANDO METADATOS: mqI8Tp8D8yQ
2026-02-26 14:51:32,416 - metadata - INFO - MusicBrainz Texto Match!
2026-02-26 14:51:38,515 - metadata - INFO - PROCESANDO METADATOS: kyVtgs83KA8
2026-02-26 14:51:39,892 - metadata - INFO - MusicBrainz Texto Match!
2026-02-26 14:51:46,950 - metadata - INFO - PROCESANDO METADATOS: ZjO7HfZWX7c
2026-02-26 14:51:48,279 - metadata - INFO - MusicBrainz Texto Match!
2026-02-26 14:51:55,610 - metadata - INFO - PROCESANDO METADATOS: 9AVHSjqvORE
2026-02-26 14:51:56,918 - metadata - INFO - MusicBrainz Texto Match!
2026-02-26 14:52:03,730 - metadata - INFO - PROCESANDO METADATOS: AgxIRA7zNgg
2026-02-26 14:52:05,112 - metadata - INFO - MusicBrainz Texto Match!
2026-02-26 14:52:14,525 - metadata - INFO - PROCESANDO METADATOS: 2cPpPxP_5bs
2026-02-26 14:52:15,824 - metadata - INFO - MusicBrainz Texto Match!
2026-02-26 14:52:22,465 - metadata - INFO - PROCESANDO METADATOS: kZi42E8SE9o
2026-02-26 14:52:23,923 - metadata - INFO - MusicBrainz Texto Match!
2026-02-26 14:52:30,116 - metadata - INFO - PROCESANDO METADATOS: MN4q4h4lME0
2026-02-26 14:52:31,448 - metadata - INFO - MusicBrainz Texto Match!
2026-02-26 14:52:37,863 - metadata - INFO - PROCESANDO METADATOS: z72cqyyBpto
2026-02-26 14:52:39,386 - metadata - INFO - MusicBrainz Texto Match!
2026-02-26 14:52:46,986 - metadata - INFO - PROCESANDO METADATOS: tK3elkosWwE
2026-02-26 14:52:48,499 - metadata - INFO - MusicBrainz Texto Match!
2026-02-26 14:52:54,941 - metadata - INFO - PROCESANDO METADATOS: ao5EdPKDSLM
2026-02-26 14:52:56,316 - metadata - INFO - MusicBrainz Texto Match!
2026-02-26 14:53:03,293 - metadata - INFO - PROCESANDO METADATOS: AoVJjcBjQaI
2026-02-26 14:53:07,034 - metadata - INFO - MusicBrainz Texto Match!
2026-02-26 14:53:17,662 - metadata - INFO - PROCESANDO METADATOS: HDnb3yTl-tg
2026-02-26 14:53:19,005 - metadata - INFO - MusicBrainz Texto Match!
2026-02-26 14:53:25,319 - metadata - INFO - PROCESANDO METADATOS: rTtF7YekPeE
2026-02-26 14:53:26,652 - metadata - INFO - MusicBrainz Texto Match!
2026-02-26 14:53:34,118 - metadata - INFO - PROCESANDO METADATOS: Bh2pwEWsXZo
2026-02-26 14:53:35,302 - metadata - INFO - MusicBrainz Texto Match!
2026-02-26 14:53:42,038 - metadata - INFO - PROCESANDO METADATOS: LHT25lja4-E
2026-02-26 14:53:43,310 - metadata - INFO - MusicBrainz Texto Match!
2026-02-26 14:53:50,588 - metadata - INFO - PROCESANDO METADATOS: ptRz6OY6Ato
2026-02-26 14:53:51,988 - metadata - INFO - MusicBrainz Texto Match!
2026-02-26 14:53:59,364 - metadata - INFO - PROCESANDO METADATOS: 7CLUnZ8CaJI
2026-02-26 14:54:00,732 - metadata - INFO - MusicBrainz Texto Match!
2026-02-26 14:54:07,379 - metadata - INFO - PROCESANDO METADATOS: 0lwbBTifn34
2026-02-26 14:54:08,620 - metadata - INFO - MusicBrainz Texto Match!
2026-02-26 14:54:15,998 - metadata - INFO - PROCESANDO METADATOS: Wy4g1INlPX8
2026-02-26 14:54:17,270 - metadata - INFO - MusicBrainz Texto Match!
2026-02-26 14:54:23,459 - metadata - INFO - PROCESANDO METADATOS: 2Y1zYSS-Ko0
2026-02-26 14:54:25,018 - metadata - INFO - MusicBrainz Texto Match!
2026-02-26 14:54:31,205 - metadata - INFO - PROCESANDO METADATOS: oyql76R6j2k
2026-02-26 14:54:32,545 - metadata - INFO - MusicBrainz Texto Match!
2026-02-26 14:54:39,313 - metadata - INFO - PROCESANDO METADATOS: 7NELozEdsag
2026-02-26 14:54:40,643 - metadata - INFO - MusicBrainz Texto Match!
2026-02-26 14:54:47,470 - metadata - INFO - PROCESANDO METADATOS: TvcKn77KCMY
2026-02-26 14:54:48,625 - metadata - INFO - MusicBrainz Texto Match!
